../Core/Src/led_display.c:13:6:LedClear	8	static
../Core/Src/led_display.c:18:6:display7SEG_a	16	static
../Core/Src/led_display.c:55:6:display7SEG_b	16	static
../Core/Src/led_display.c:92:6:update7SEG	16	static
../Core/Src/led_display.c:114:6:updateBuffer_a	16	static
../Core/Src/led_display.c:118:6:updateBuffer_b	16	static
../Core/Src/led_display.c:123:6:display_RED_GREEN	8	static
../Core/Src/led_display.c:127:6:display_RED_YELLOW	8	static
../Core/Src/led_display.c:132:6:display_GREEN_RED	8	static
../Core/Src/led_display.c:137:6:display_YELLOW_RED	8	static
